1	101
1	102
1	103
1	104
1	105
2	101
2	102
2	103
2	104
2	105
3	101
3	102
3	103
3	104
3	105
